**********************
Windows PowerShell transcript start
Start time: 20240219121932
Username: OATSPC\amcfa
RunAs User: OATSPC\amcfa
Configuration Name: 
Machine: OATSPC (Microsoft Windows NT 10.0.22621.0)
Host Application: C:\Windows\System32\WindowsPowerShell\v1.0\powershell.exe
Process ID: 2160
PSVersion: 5.1.22621.2506
PSEdition: Desktop
PSCompatibleVersions: 1.0, 2.0, 3.0, 4.0, 5.0, 5.1.22621.2506
BuildVersion: 10.0.22621.2506
CLRVersion: 4.0.30319.42000
WSManStackVersion: 3.0
PSRemotingProtocolVersion: 2.3
SerializationVersion: 1.1.0.1
**********************
Transcript started, output file is C:\Users\amcfa\biofx_python\Chapter5.txt
PS C:\Users\amcfa\biofx_python> ## Computing GC Content Parsing FASTA Files
PS C:\Users\amcfa\biofx_python> cd '05_gc'
PS C:\Users\amcfa\biofx_python\05_gc> #Start by copying the first solution and asking for the usage
PS C:\Users\amcfa\biofx_python\05_gc> cp solution1_list.py .cgc.py
PS C:\Users\amcfa\biofx_python\05_gc> ./cgc.py -h
./cgc.py : The term './cgc.py' is not recognized as the name of a cmdlet, function, script file, or operable program. 
Check the spelling of the name, or if a path was included, verify that the path is correct and try again.
At line:1 char:1
+ ./cgc.py -h
+ ~~~~~~~~
    + CategoryInfo          : ObjectNotFound: (./cgc.py:String) [], CommandNotFoundException
    + FullyQualifiedErrorId : CommandNotFoundException
./cgc.py : The term './cgc.py' is not recognized as the name of a cmdlet, function, script file, or operable program.
Check the spelling of the name, or if a path was included, verify that the path is correct and try again.
At line:1 char:1
+ ./cgc.py -h
+ ~~~~~~~~
    + CategoryInfo          : ObjectNotFound: (./cgc.py:String) [], CommandNotFoundException
    + FullyQualifiedErrorId : CommandNotFoundException

PS C:\Users\amcfa\biofx_python\05_gc> ./cgc.py -h
PS C:\Users\amcfa\biofx_python\05_gc> ./cgc.py -h
PS C:\Users\amcfa\biofx_python\05_gc> python cgc.py -h
usage: cgc.py [-h] [FILE]

Compute GC content

positional arguments:
  FILE        Input sequence file (default: <_io.TextIOWrapper name='<stdin>' mode='r' encoding='utf-8'>)

options:
  -h, --help  show this help message and exit
PS C:\Users\amcfa\biofx_python\05_gc> python cgc.py tests/inputs/1.fa
Rosalind_0808 60.919540
PS C:\Users\amcfa\biofx_python\05_gc> python cgc.py tests/inputs/1.fa # ID of the record having the highest percentage of GC
Rosalind_0808 60.919540
PS C:\Users\amcfa\biofx_python\05_gc> cat tests/inputs/1.fa
>Rosalind_6404
CCTGCGGAAGATCGGCACTAGAATAGCCAGAACCGTTTCTCTGAGGCTTCCGGCCTTCCC
TCCCACTAATAATTCTGAGG
>Rosalind_5959
CCATCGGTAGCGCATCCTTAGTCCAATTAAGTCCCTATCCAGGCGCTCCGCCGAAGGTCT
ATATCCATTTGTCAGCAGACACGC
>Rosalind_0808
CCACCCTCGTGGTATGGCTAGGCATTCAGGAACCGGAGAACGCTTCAGACCAGCCCGGAC
TGGGAACCTGCGGGCAGTAGGTGGAAT
PS C:\Users\amcfa\biofx_python\05_gc> cat tests/inputs/1.fa #Many tests
>Rosalind_6404
CCTGCGGAAGATCGGCACTAGAATAGCCAGAACCGTTTCTCTGAGGCTTCCGGCCTTCCC
TCCCACTAATAATTCTGAGG
>Rosalind_5959
CCATCGGTAGCGCATCCTTAGTCCAATTAAGTCCCTATCCAGGCGCTCCGCCGAAGGTCT
ATATCCATTTGTCAGCAGACACGC
>Rosalind_0808
CCACCCTCGTGGTATGGCTAGGCATTCAGGAACCGGAGAACGCTTCAGACCAGCCCGGAC
TGGGAACCTGCGGGCAGTAGGTGGAAT
PS C:\Users\amcfa\biofx_python\05_gc> cat tests/inputs/1.fa | ./cgc.py # Using pipe operators
PS C:\Users\amcfa\biofx_python\05_gc>  new.py -fp 'Compute GC component' cgc.py
new.py : The term 'new.py' is not recognized as the name of a cmdlet, function, script file, or operable program. Check 
the spelling of the name, or if a path was included, verify that the path is correct and try again.
At line:1 char:2
+  new.py -fp 'Compute GC component' cgc.py
+  ~~~~~~
    + CategoryInfo          : ObjectNotFound: (new.py:String) [], CommandNotFoundException
    + FullyQualifiedErrorId : CommandNotFoundException
new.py : The term 'new.py' is not recognized as the name of a cmdlet, function, script file, or operable program.
Check the spelling of the name, or if a path was included, verify that the path is correct and try again.
At line:1 char:2
+  new.py -fp 'Compute GC component' cgc.py
+  ~~~~~~
    + CategoryInfo          : ObjectNotFound: (new.py:String) [], CommandNotFoundException
    + FullyQualifiedErrorId : CommandNotFoundException

PS C:\Users\amcfa\biofx_python\05_gc>  python new.py -fp 'Compute GC component' cgc.py
C:\gitfiles\python.exe: can't open file 'C:\\Users\\amcfa\\biofx_python\\05_gc\\new.py': [Errno 2] No such file or direc
tory
PS C:\Users\amcfa\biofx_python\05_gc>  python new -fp 'Compute GC component' cgc.py
C:\gitfiles\python.exe: can't open file 'C:\\Users\\amcfa\\biofx_python\\05_gc\\new': [Errno 2] No such file or director
y
PS C:\Users\amcfa\biofx_python\05_gc>  new.py -fp 'Compute GC component' cgc.py
new.py : The term 'new.py' is not recognized as the name of a cmdlet, function, script file, or operable program. Check 
the spelling of the name, or if a path was included, verify that the path is correct and try again.
At line:1 char:2
+  new.py -fp 'Compute GC component' cgc.py
+  ~~~~~~
    + CategoryInfo          : ObjectNotFound: (new.py:String) [], CommandNotFoundException
    + FullyQualifiedErrorId : CommandNotFoundException
new.py : The term 'new.py' is not recognized as the name of a cmdlet, function, script file, or operable program.
Check the spelling of the name, or if a path was included, verify that the path is correct and try again.
At line:1 char:2
+  new.py -fp 'Compute GC component' cgc.py
+  ~~~~~~
    + CategoryInfo          : ObjectNotFound: (new.py:String) [], CommandNotFoundException
    + FullyQualifiedErrorId : CommandNotFoundException

PS C:\Users\amcfa\biofx_python\05_gc>  new -fp 'Compute GC component' cgc.py
Done, see new script "cgc.py".
